Cwd: C:\Users\abrah\nails_nice_py\nails_nice\nails_nice_pyy\python\Nails_Nice_py
Python path: C:\Users\abrah\nails_nice_py\nails_nice\nails_nice_pyy\python\Nails_Nice_py\.venv\Scripts\python.exe
Exists: True
